src/components/GymWarArena.tsx(14,56): error TS6133: 'onClose' is declared but its value is never read.
src/context/ConversationContext.tsx(32,7): error TS6133: 'OWNER_EMAIL' is declared but its value is never read.
src/pages/Admin.tsx(5,10): error TS6133: 'Check' is declared but its value is never read.
src/pages/Admin.tsx(5,17): error TS6133: 'X' is declared but its value is never read.
src/pages/Admin.tsx(5,20): error TS6133: 'ExternalLink' is declared but its value is never read.
src/pages/Profile.tsx(6,27): error TS6133: 'Dumbbell' is declared but its value is never read.
src/pages/Profile.tsx(6,37): error TS6133: 'Ruler' is declared but its value is never read.
src/pages/Profile.tsx(6,67): error TS6133: 'History' is declared but its value is never read.
src/pages/Profile.tsx(12,16): error TS6133: 'ALL_BODY_PARTS' is declared but its value is never read.
src/pages/Profile.tsx(37,12): error TS6133: 'fitnessLevel' is declared but its value is never read.
src/pages/Profile.tsx(41,11): error TS6133: 'toDisplay' is declared but its value is never read.
src/pages/Profile.tsx(42,11): error TS6133: 'unitLabel' is declared but its value is never read.
src/pages/Profile.tsx(57,12): error TS6133: 'isEditingPRs' is declared but its value is never read.
src/pages/Profile.tsx(57,26): error TS6133: 'setIsEditingPRs' is declared but its value is never read.
src/pages/Profile.tsx(58,12): error TS6133: 'tempLifts' is declared but its value is never read.
src/pages/Profile.tsx(58,23): error TS6133: 'setTempLifts' is declared but its value is never read.
src/pages/Profile.tsx(59,12): error TS6133: 'tempWeight' is declared but its value is never read.
src/pages/Profile.tsx(59,24): error TS6133: 'setTempWeight' is declared but its value is never read.
src/pages/Profile.tsx(60,12): error TS6133: 'tempHeight' is declared but its value is never read.
src/pages/Profile.tsx(60,24): error TS6133: 'setTempHeight' is declared but its value is never read.
src/pages/Profile.tsx(62,12): error TS6133: 'logs' is declared but its value is never read.
src/pages/Profile.tsx(63,12): error TS6133: 'isLoadingLogs' is declared but its value is never read.
src/pages/Profile.tsx(97,11): error TS6133: 'handleSaveFitnessLevel' is declared but its value is never read.
src/pages/Profile.tsx(128,11): error TS6133: 'toggleSubGoal' is declared but its value is never read.
src/pages/Profile.tsx(212,31): error TS2322: Type 'Rank' is not assignable to type 'ReactNode'.
